// Jest Snapshot v1, https://goo.gl/fbAQLP

exports[`renders the UI as expected 1`] = `
<section
  className="List"
>
  <header
    className="List-header"
  >
    <h2>
       
      header
       
    </h2>
  </header>
  <div
    className="List-cards"
  >
    <div>
      <div
        className="Card"
      >
        <h3>
           
        </h3>
        <p>
           
        </p>
      </div>
      <div
        className="Card"
      >
        <h3>
           
        </h3>
        <p>
           
        </p>
      </div>
    </div>
  </div>
</section>
`;
